
> auto-reporter@0.1.0 build
> next build

Ôû▓ Next.js 16.2.1 (Turbopack)
- Environments: .env

  Creating an optimized production build ...
Ô£ô Compiled successfully in 3.7s
  Running TypeScript ...
  Finished TypeScript in 2.9s ...
  Collecting page data using 11 workers ...
  Generating static pages using 11 workers (0/14) ...
  Generating static pages using 11 workers (3/14) 
node.exe : ÔÜá 
metadataBase property 
in metadata export is 
not set for resolving 
social open graph or 
twitter images, using "h
ttp://localhost:3000". 
See https://nextjs.org/d
ocs/app/api-reference/fu
nctions/generate-metadat
a#metadatabase
No linha:1 caractere:1
+ & "C:\Program 
Files\nodejs/node.exe" 
"C:\Program 
Files\nodejs/node_mo ...
+ ~~~~~~~~~~~~~~~~~~~~~~
~~~~~~~~~~~~~~~~~~~~~~~~
~~~~~~~~~~~~~~~~~~~~~~~
    + CategoryInfo      
        : NotSpecified: 
(ÔÜá     
metadataBas...ta#meta   
 database:String) [], R 
   emoteException
    + 
FullyQualifiedErrorI    
d : NativeCommandError
 
Error occurred 
prerendering page 
"/avaliacoes". Read 
more: https://nextjs.org
/docs/messages/prerender
-error
Error [PrismaClientIniti
alizationError]: 
Invalid `prisma.article.
findMany()` invocation:


Error querying the 
database: Error code 
14: Unable to open the 
database file
    at async g (C:\Users
\Usu├írio\Documents\auto
-reporter\.next\server\c
hunks\ssr\[root-of-the-s
erver]__0rxz6u-._.js:1:1
1385) {
  clientVersion: 
'6.19.2',
  errorCode: undefined,
  retryable: undefined,
  digest: '1063204377'
}
Export encountered an 
error on 
/avaliacoes/page: 
/avaliacoes, exiting 
the build.
Ô¿» Next.js build 
worker exited with 
code: 1 and signal: null
